%!Adobe-FontList 1.17
%Locale:0x409

%BeginFont
Handler:DirectoryHandler
FontType:TrueType
FontName:TwCenMT-Bold
FamilyName:Tw Cen MT
StyleName:Bold
FullName:Tw Cen MT Bold
MenuName:Tw Cen MT
StyleBits:2
WritingScript:Roman
OutlineFileName:H:\Web\Web typeface Folder\Document fonts\TCB_____.TTF
DataFormat:sfntData
FileLength:74656
FileModTime:930657260
WeightClass:700
WidthClass:5
AngleClass:0
NameArray:0,Mac,4,Tw Cen MT Bold
NameArray:0,Win,1,Tw Cen MT
%EndFont

%BeginFont
Handler:DirectoryHandler
FontType:TrueType
FontName:TwCenMT-BoldItalic
FamilyName:Tw Cen MT
StyleName:Bold Italic
FullName:Tw Cen MT Bold Italic
MenuName:Tw Cen MT
StyleBits:3
WritingScript:Roman
OutlineFileName:H:\Web\Web typeface Folder\Document fonts\TCBI____.TTF
DataFormat:sfntData
FileLength:73856
FileModTime:930657260
WeightClass:700
WidthClass:5
AngleClass:1
NameArray:0,Mac,4,Tw Cen MT Bold Italic
NameArray:0,Win,1,Tw Cen MT
%EndFont

%BeginFont
Handler:DirectoryHandler
FontType:TrueType
FontName:TwCenMT-Italic
FamilyName:Tw Cen MT
StyleName:Italic
FullName:Tw Cen MT Italic
MenuName:Tw Cen MT
StyleBits:1
WritingScript:Roman
OutlineFileName:H:\Web\Web typeface Folder\Document fonts\TCMI____.TTF
DataFormat:sfntData
FileLength:78236
FileModTime:930657260
WeightClass:400
WidthClass:5
AngleClass:1
NameArray:0,Mac,4,Tw Cen MT Italic
NameArray:0,Win,1,Tw Cen MT
%EndFont

%BeginFont
Handler:DirectoryHandler
FontType:TrueType
FontName:TwCenMT-Regular
FamilyName:Tw Cen MT
StyleName:Regular
FullName:Tw Cen MT
MenuName:Tw Cen MT
StyleBits:0
WritingScript:Roman
OutlineFileName:H:\Web\Web typeface Folder\Document fonts\TCM_____.TTF
DataFormat:sfntData
FileLength:76252
FileModTime:930657260
WeightClass:400
WidthClass:5
AngleClass:0
NameArray:0,Mac,4,Tw Cen MT
NameArray:0,Win,1,Tw Cen MT
%EndFont

